[07-19|19:58:14.620] INFO local/network.go:429 creating network {"node-num": 5}
[07-19|19:58:14.622] INFO local/network.go:779 done stopping network
[07-19|19:58:14.622] FATAL fivenodenetwork/main.go:64 fatal error {"error": "error adding node : couldn't get node version with binary \"/home/z/go/src/github.com/luxfi/node/build/node\": fork/exec /home/z/go/src/github.com/luxfi/node/build/node: no such file or directory"}
[12-21|16:47:37.360] INFO local/network.go:425 creating network
[12-21|16:47:37.362] INFO local/network.go:779 done stopping network
[12-21|16:47:37.362] FATAL fivenodenetwork/main.go:65 fatal error {"error": "error adding node : couldn't get node version with binary \"/Users/z/go/src/github.com/luxfi/node/build/node\": fork/exec /Users/z/go/src/github.com/luxfi/node/build/node: no such file or directory"}
[12-21|16:48:33.672] INFO local/network.go:425 creating network
[12-21|16:48:33.673] INFO local/network.go:779 done stopping network
[12-21|16:48:33.673] FATAL fivenodenetwork/main.go:65 fatal error {"error": "error adding node : couldn't get node version with binary \"/Users/z/work/lux/src/github.com/luxfi/node/build/node\": fork/exec /Users/z/work/lux/src/github.com/luxfi/node/build/node: no such file or directory"}
[12-21|16:48:53.645] INFO local/network.go:425 creating network
[12-21|16:48:54.485] INFO local/network.go:593 adding node {"{node-name 15 0 node1 <nil>}": {"Key":"node-dir","Type":15,"Integer":0,"String":"/var/folders/xh/_fpw0c6d7rs1sn8nwx93t7gw0000gn/T/network-runner-root-data/network_20251221_164853/node1","Interface":null}, "{log-dir 15 0 /var/folders/xh/_fpw0c6d7rs1sn8nwx93t7gw0000gn/T/network-runner-root-data/network_20251221_164853/node1/logs <nil>}": {"Key":"db-dir","Type":15,"Integer":0,"String":"/var/folders/xh/_fpw0c6d7rs1sn8nwx93t7gw0000gn/T/network-runner-root-data/network_20251221_164853/node1/db","Interface":null}, "{p2p-port 20 9631  <nil>}": {"Key":"api-port","Type":20,"Integer":9630,"String":"","Interface":null}}
[12-21|16:48:54.485] DEBUG local/network.go:603 starting node {"{name 15 0 node1 <nil>}": {"Key":"binaryPath","Type":15,"Integer":0,"String":"/Users/z/work/lux/src/github.com/luxfi/node/build/node","Interface":null}}
[12-21|16:48:54.529] INFO local/network.go:593 adding node {"{node-name 15 0 node2 <nil>}": {"Key":"node-dir","Type":15,"Integer":0,"String":"/var/folders/xh/_fpw0c6d7rs1sn8nwx93t7gw0000gn/T/network-runner-root-data/network_20251221_164853/node2","Interface":null}, "{log-dir 15 0 /var/folders/xh/_fpw0c6d7rs1sn8nwx93t7gw0000gn/T/network-runner-root-data/network_20251221_164853/node2/logs <nil>}": {"Key":"db-dir","Type":15,"Integer":0,"String":"/var/folders/xh/_fpw0c6d7rs1sn8nwx93t7gw0000gn/T/network-runner-root-data/network_20251221_164853/node2/db","Interface":null}, "{p2p-port 20 9633  <nil>}": {"Key":"api-port","Type":20,"Integer":9632,"String":"","Interface":null}}
[12-21|16:48:54.533] DEBUG local/network.go:603 starting node {"{name 15 0 node2 <nil>}": {"Key":"binaryPath","Type":15,"Integer":0,"String":"/Users/z/work/lux/src/github.com/luxfi/node/build/node","Interface":null}}
[12-21|16:48:54.587] INFO local/network.go:593 adding node {"{node-name 15 0 node3 <nil>}": {"Key":"node-dir","Type":15,"Integer":0,"String":"/var/folders/xh/_fpw0c6d7rs1sn8nwx93t7gw0000gn/T/network-runner-root-data/network_20251221_164853/node3","Interface":null}, "{log-dir 15 0 /var/folders/xh/_fpw0c6d7rs1sn8nwx93t7gw0000gn/T/network-runner-root-data/network_20251221_164853/node3/logs <nil>}": {"Key":"db-dir","Type":15,"Integer":0,"String":"/var/folders/xh/_fpw0c6d7rs1sn8nwx93t7gw0000gn/T/network-runner-root-data/network_20251221_164853/node3/db","Interface":null}, "{p2p-port 20 9635  <nil>}": {"Key":"api-port","Type":20,"Integer":9634,"String":"","Interface":null}}
[12-21|16:48:54.588] DEBUG local/network.go:603 starting node {"{name 15 0 node3 <nil>}": {"Key":"binaryPath","Type":15,"Integer":0,"String":"/Users/z/work/lux/src/github.com/luxfi/node/build/node","Interface":null}}
[12-21|16:48:54.643] INFO local/network.go:593 adding node {"{node-name 15 0 node4 <nil>}": {"Key":"node-dir","Type":15,"Integer":0,"String":"/var/folders/xh/_fpw0c6d7rs1sn8nwx93t7gw0000gn/T/network-runner-root-data/network_20251221_164853/node4","Interface":null}, "{log-dir 15 0 /var/folders/xh/_fpw0c6d7rs1sn8nwx93t7gw0000gn/T/network-runner-root-data/network_20251221_164853/node4/logs <nil>}": {"Key":"db-dir","Type":15,"Integer":0,"String":"/var/folders/xh/_fpw0c6d7rs1sn8nwx93t7gw0000gn/T/network-runner-root-data/network_20251221_164853/node4/db","Interface":null}, "{p2p-port 20 9637  <nil>}": {"Key":"api-port","Type":20,"Integer":9636,"String":"","Interface":null}}
[12-21|16:48:54.654] DEBUG local/network.go:603 starting node {"{name 15 0 node4 <nil>}": {"Key":"binaryPath","Type":15,"Integer":0,"String":"/Users/z/work/lux/src/github.com/luxfi/node/build/node","Interface":null}}
[12-21|16:48:54.706] INFO local/network.go:593 adding node {"{node-name 15 0 node5 <nil>}": {"Key":"node-dir","Type":15,"Integer":0,"String":"/var/folders/xh/_fpw0c6d7rs1sn8nwx93t7gw0000gn/T/network-runner-root-data/network_20251221_164853/node5","Interface":null}, "{log-dir 15 0 /var/folders/xh/_fpw0c6d7rs1sn8nwx93t7gw0000gn/T/network-runner-root-data/network_20251221_164853/node5/logs <nil>}": {"Key":"db-dir","Type":15,"Integer":0,"String":"/var/folders/xh/_fpw0c6d7rs1sn8nwx93t7gw0000gn/T/network-runner-root-data/network_20251221_164853/node5/db","Interface":null}, "{p2p-port 20 9639  <nil>}": {"Key":"api-port","Type":20,"Integer":9638,"String":"","Interface":null}}
[12-21|16:48:54.720] DEBUG local/network.go:603 starting node {"{name 15 0 node5 <nil>}": {"Key":"binaryPath","Type":15,"Integer":0,"String":"/Users/z/work/lux/src/github.com/luxfi/node/build/node","Interface":null}}
[12-21|16:48:54.721] INFO fivenodenetwork/main.go:94 waiting for all nodes to report healthy...
[12-21|16:48:54.724] INFO local/network.go:650 checking local network healthiness
[12-21|16:48:56.772] DEBUG local/network.go:694 node became healthy
[12-21|16:48:56.793] DEBUG local/network.go:694 node became healthy
[12-21|16:48:56.846] DEBUG local/network.go:694 node became healthy
[12-21|16:48:56.871] DEBUG local/network.go:694 node became healthy
[12-21|16:48:57.734] DEBUG local/network.go:694 node became healthy
[12-21|16:48:57.734] INFO fivenodenetwork/main.go:99 All nodes healthy. Network will run until you CTRL + C to exit...
